INVALID_INDEX_TYPE
INVALID_INDEX_TYPE
INVALID_INDEX_TYPE
NOT_ARRAY_TYPE
NOT_ARRAY_TYPE
NOT_ARRAY_TYPE
