LENGTH_ON_NON_ARRAY
LENGTH_ON_NON_ARRAY
LENGTH_ON_NON_ARRAY
