INVALID_INDEX_TYPE
INVALID_INDEX_TYPE
INVALID_INDEX_TYPE
EXPECTED_VARIABLE_GOT_CLASS
UNDECLARED_IDENTIFIER
INVALID_ASSIGNMENT
INVALID_ASSIGNMENT
INVALID_ASSIGNMENT
NOT_ARRAY_TYPE
NOT_ARRAY_TYPE
NOT_ARRAY_TYPE
