EXPECTED_VARIABLE_GOT_CLASS
UNDECLARED_IDENTIFIER
INVALID_ASSIGNMENT
INVALID_ASSIGNMENT
INVALID_ASSIGNMENT
INVALID_ASSIGNMENT
INVALID_ASSIGNMENT
INVALID_ASSIGNMENT
INVALID_ASSIGNMENT
INVALID_ASSIGNMENT
INVALID_ASSIGNMENT
INVALID_ASSIGNMENT
