INVALID_CONDITION_TYPE
INVALID_CONDITION_TYPE
INVALID_CONDITION_TYPE
