INVALID_SIZE_TYPE
INVALID_SIZE_TYPE
INVALID_SIZE_TYPE
