INVALID_UNARY_OP
INVALID_UNARY_OP
INVALID_UNARY_OP
