INVALID_PRINTLN_TYPE
INVALID_PRINTLN_TYPE
INVALID_PRINTLN_TYPE
