DUPLICATE_VARIABLE
DUPLICATE_VARIABLE
DUPLICATE_VARIABLE
UNDECLARED_CLASS
