UNDECLARED_IDENTIFIER
UNDECLARED_IDENTIFIER
UNDECLARED_IDENTIFIER
UNDECLARED_IDENTIFIER
EXPECTED_VARIABLE_GOT_CLASS
