INVALID_BINARY_OP
INVALID_BINARY_OP
INVALID_BINARY_OP
INVALID_BINARY_OP
INVALID_BINARY_OP
INVALID_BINARY_OP
INVALID_BINARY_OP
INVALID_BINARY_OP
INVALID_BINARY_OP
INVALID_BINARY_OP
