WRONG_INDEX_TYPE
WRONG_INDEX_TYPE
WRONG_INDEX_TYPE
WRONG_INDEX_TYPE
WRONG_INDEX_TYPE
WRONG_INDEX_TYPE
WRONG_INDEX_TYPE
WRONG_INDEX_TYPE
WRONG_INDEX_TYPE
WRONG_INDEX_TYPE
NOT_ARRAY_TYPE
NOT_ARRAY_TYPE
NOT_ARRAY_TYPE
NOT_ARRAY_TYPE
