LENGTH_ON_NON_ARRAY_TYPE
LENGTH_ON_NON_ARRAY_TYPE
LENGTH_ON_NON_ARRAY_TYPE
LENGTH_ON_NON_ARRAY_TYPE
